2012-02-07 17:54:16,312 [AWT-EventQueue-0] ERROR org.ffmpeg - [mpeg4 @ 0x20e38070] encoded frame too large
2012-02-07 17:54:27,562 [AWT-EventQueue-0] ERROR org.ffmpeg - [mpeg4 @ 0x20e38070] encoded frame too large
2012-02-07 17:54:38,578 [AWT-EventQueue-0] ERROR org.ffmpeg - [mpeg4 @ 0x20e38070] encoded frame too large
2012-02-07 17:54:48,406 [AWT-EventQueue-0] ERROR org.ffmpeg - [mpeg4 @ 0x20e38070] encoded frame too large
2012-02-07 17:54:57,937 [AWT-EventQueue-0] ERROR org.ffmpeg - [mpeg4 @ 0x20e38070] encoded frame too large
2012-02-07 17:55:07,234 [AWT-EventQueue-0] ERROR org.ffmpeg - [mpeg4 @ 0x20e38070] encoded frame too large
2012-02-07 17:55:15,078 [AWT-EventQueue-0] ERROR org.ffmpeg - [mpeg4 @ 0x20e38070] encoded frame too large
2012-02-07 17:55:22,250 [AWT-EventQueue-0] ERROR org.ffmpeg - [mpeg4 @ 0x20e38070] encoded frame too large
2012-02-07 17:55:28,875 [AWT-EventQueue-0] ERROR org.ffmpeg - [mpeg4 @ 0x20e38070] encoded frame too large
2012-02-07 17:55:34,843 [AWT-EventQueue-0] ERROR org.ffmpeg - [mpeg4 @ 0x20e38070] encoded frame too large
2012-02-07 17:55:40,156 [AWT-EventQueue-0] ERROR org.ffmpeg - [mpeg4 @ 0x20e38070] encoded frame too large
2012-02-07 17:57:43,125 [AWT-EventQueue-0] ERROR org.ffmpeg - [mpeg4 @ 0x20d38070] encoded frame too large
2012-02-07 17:57:56,296 [AWT-EventQueue-0] ERROR org.ffmpeg - [mpeg4 @ 0x20d38070] encoded frame too large
2012-02-07 17:58:08,703 [AWT-EventQueue-0] ERROR org.ffmpeg - [mpeg4 @ 0x20d38070] encoded frame too large
2012-02-07 17:58:21,687 [AWT-EventQueue-0] ERROR org.ffmpeg - [mpeg4 @ 0x20d38070] encoded frame too large
2012-02-07 17:58:33,000 [AWT-EventQueue-0] ERROR org.ffmpeg - [mpeg4 @ 0x20d38070] encoded frame too large
2012-02-07 17:58:43,343 [AWT-EventQueue-0] ERROR org.ffmpeg - [mpeg4 @ 0x20d38070] encoded frame too large
2012-02-07 17:58:52,875 [AWT-EventQueue-0] ERROR org.ffmpeg - [mpeg4 @ 0x20d38070] encoded frame too large
2012-02-07 17:59:02,000 [AWT-EventQueue-0] ERROR org.ffmpeg - [mpeg4 @ 0x20d38070] encoded frame too large
2012-02-07 17:59:10,421 [AWT-EventQueue-0] ERROR org.ffmpeg - [mpeg4 @ 0x20d38070] encoded frame too large
2012-02-07 17:59:18,484 [AWT-EventQueue-0] ERROR org.ffmpeg - [mpeg4 @ 0x20d38070] encoded frame too large
2012-02-07 17:59:26,671 [AWT-EventQueue-0] ERROR org.ffmpeg - [mpeg4 @ 0x20d38070] encoded frame too large
2012-02-07 17:59:33,062 [AWT-EventQueue-0] ERROR org.ffmpeg - [mpeg4 @ 0x20d38070] encoded frame too large
2012-02-07 17:59:44,125 [AWT-EventQueue-0] ERROR org.ffmpeg - [mpeg4 @ 0x20d38070] encoded frame too large
2012-02-07 17:59:48,484 [AWT-EventQueue-0] ERROR org.ffmpeg - [mpeg4 @ 0x20d38070] encoded frame too large
2012-02-07 17:59:52,109 [AWT-EventQueue-0] ERROR org.ffmpeg - [mpeg4 @ 0x20d38070] encoded frame too large
2012-02-07 18:01:45,359 [AWT-EventQueue-0] ERROR org.ffmpeg - [mpeg4 @ 0x20d38070] encoded frame too large
2012-02-07 18:01:58,031 [AWT-EventQueue-0] ERROR org.ffmpeg - [mpeg4 @ 0x20d38070] encoded frame too large
2012-02-07 18:02:10,218 [AWT-EventQueue-0] ERROR org.ffmpeg - [mpeg4 @ 0x20d38070] encoded frame too large
2012-02-07 18:02:32,187 [AWT-EventQueue-0] ERROR org.ffmpeg - [mpeg4 @ 0x20d38070] encoded frame too large
2012-02-07 18:03:01,625 [AWT-EventQueue-0] ERROR org.ffmpeg - [mpeg4 @ 0x20d38070] encoded frame too large
2012-02-07 18:03:35,828 [AWT-EventQueue-0] ERROR org.ffmpeg - [mpeg4 @ 0x20d38070] encoded frame too large
2012-02-07 18:07:55,078 [AWT-EventQueue-0] ERROR org.ffmpeg - [mpeg4 @ 0x20d38070] encoded frame too large
2012-02-07 18:11:37,703 [AWT-EventQueue-0] ERROR org.ffmpeg - [mpeg4 @ 0x20e38070] encoded frame too large
2012-02-07 18:11:47,718 [AWT-EventQueue-0] ERROR org.ffmpeg - [mpeg4 @ 0x20e38070] encoded frame too large
2012-02-07 18:11:57,484 [AWT-EventQueue-0] ERROR org.ffmpeg - [mpeg4 @ 0x20e38070] encoded frame too large
2012-02-07 18:17:39,437 [AWT-EventQueue-0] ERROR org.ffmpeg - [mpeg4 @ 0x20e38070] encoded frame too large
2012-02-07 18:21:41,937 [AWT-EventQueue-0] ERROR org.ffmpeg - [mpeg4 @ 0x20e38070] encoded frame too large
2012-02-09 17:59:21,574 [AWT-EventQueue-0] WARN  com.xuggle.xuggler - writeTrailer() with no matching call to writeHeader() (../../../../../../../csrc/com/xuggle/xuggler/Container.cpp:734)
2012-02-09 17:59:29,152 [Finalizer] DEBUG com.xuggle.xuggler - Closing dangling Container (../../../../../../../csrc/com/xuggle/xuggler/Container.cpp:83)
